graph LR

  id0["github.com/podhmo/go-scan/testdata/walk/a"]
  id1["github.com/podhmo/go-scan/testdata/walk/b"]

  id0 --> id1
