{
  "config": {
    "direction": "forward",
    "hops": 1,
    "startPkg": "github.com/podhmo/go-scan/testdata/walk/a"
  },
  "dependencies": {
    "github.com/podhmo/go-scan/testdata/walk/a": [
      "github.com/podhmo/go-scan/testdata/walk/b"
    ]
  },
  "reverseDependencies": {}
}
