digraph dependencies {
  rankdir="LR";
  node [shape=box, style="rounded,filled", fillcolor=lightgrey];
  "github.com/google/go-cmp/cmp" [label="github.com/google/go-cmp/cmp"];
  "github.com/podhmo/go-scan/testdata/walk/d" [label="github.com/podhmo/go-scan/testdata/walk/d"];
  "github.com/podhmo/go-scan/testdata/walk/e" [label="github.com/podhmo/go-scan/testdata/walk/e"];

  "github.com/podhmo/go-scan/testdata/walk/d" -> "github.com/google/go-cmp/cmp";
  "github.com/podhmo/go-scan/testdata/walk/d" -> "github.com/podhmo/go-scan/testdata/walk/e";
}
