{
  "config": {
    "direction": "reverse",
    "hops": 1,
    "startPkg": "github.com/podhmo/go-scan/testdata/walk/c"
  },
  "dependencies": {},
  "reverseDependencies": {
    "github.com/podhmo/go-scan/testdata/walk/a": [
      "github.com/podhmo/go-scan/testdata/walk/c"
    ]
  }
}
