func github.com/podhmo/go-scan/examples/goinspect/testdata/src/mutual.Pong(int) #1
  func github.com/podhmo/go-scan/examples/goinspect/testdata/src/mutual.Ping(int) #2
    [recursive] func github.com/podhmo/go-scan/examples/goinspect/testdata/src/mutual.Pong(int) #1
func github.com/podhmo/go-scan/examples/goinspect/testdata/src/mutual.Ping(int) #2
