func (*Person).Greet(...)
  func github.com/podhmo/go-scan/examples/goinspect/testdata/src/myapp.privateFunc(...)
func (*Service).Do(...)
  func .Greet(...)
func github.com/podhmo/go-scan/examples/goinspect/testdata/src/myapp.Recursive(...)
