func github.com/podhmo/go-scan/examples/goinspect/testdata/src/special.main() #1
func github.com/podhmo/go-scan/examples/goinspect/testdata/src/special/util.init() #2
func github.com/podhmo/go-scan/examples/goinspect/testdata/src/special/util.UtilFunc() #3
