func github.com/podhmo/go-scan/examples/goinspect/testdata/src/toplevel.Toplevel() #1
  func github.com/podhmo/go-scan/examples/goinspect/testdata/src/toplevel.calledFunction() #2
