func (*Person).Greet() #1
[accessor] func (*Person).String() #2
func (*Service).Do(Greeter) #3
func testdata/src/myapp.Recursive(int) #4
