{
  "openapi": "3.1.0",
  "info": {
    "title": "Sample API",
    "version": "0.0.1"
  },
  "paths": {
    "/users": {
      "get": {
        "description": "listUsers is a simple http handler that uses our custom response helper.\nThe docgen tool should be able to identify that `helpers.RespondJSON`\nis being called and use the custom pattern to generate the OpenAPI response.",
        "operationId": "my-test-module_listUsers",
        "responses": {
          "200": {
            "description": "OK",
            "content": {
              "application/json": {
                "schema": {
                  "type": "array",
                  "items": {
                    "$ref": "#/components/schemas/my-test-module_User"
                  }
                }
              }
            }
          }
        }
      }
    }
  },
  "components": {
    "schemas": {
      "my-test-module_User": {
        "type": "object",
        "properties": {
          "name": {
            "type": "string"
          }
        }
      }
    }
  }
}
