// Code generated by convert. DO NOT EDIT.
package embedded

import (
	"context"
	"errors"

	"github.com/podhmo/go-scan/examples/convert/model"
)

func convertSourceToDestination(ctx context.Context, ec *model.ErrorCollector, src *Source) *Destination {
	if src == nil {
		return nil
	}
	dst := &Destination{}
	// ID -> ID
	if ec.MaxErrorsReached() {
		return dst
	}
	ec.Enter("ID")
	dst.ID = src.ID

	ec.Leave()
	// Name -> Name
	if ec.MaxErrorsReached() {
		return dst
	}
	ec.Enter("Name")
	dst.Name = src.Name

	ec.Leave()
	return dst
}

// ConvertSourceToDestination converts Source to Destination.
func ConvertSourceToDestination(ctx context.Context, src *Source) (*Destination, error) {
	if src == nil {
		return nil, nil
	}
	ec := model.NewErrorCollector(0)
	dst := convertSourceToDestination(ctx, ec, src)
	if ec.HasErrors() {
		return dst, errors.Join(ec.Errors()...)
	}
	return dst, nil
}
