// Code generated by convert. DO NOT EDIT.
package errors

import (
	"context"
	"errors"
	"fmt"

	m "example.com/m"
	"github.com/podhmo/go-scan/examples/convert/model"
)

func convertSrcToDst(ctx context.Context, ec *model.ErrorCollector, src *m.Src) *m.Dst {
	if src == nil {
		return nil
	}
	dst := &m.Dst{}
	if ec.MaxErrorsReached() {
		return dst
	}
	ec.Enter("Name")
	dst.Name = convertNameWithError(ctx, ec, src.Name)
	ec.Leave()
	if ec.MaxErrorsReached() {
		return dst
	}
	ec.Enter("ManagerID")
	if src.ManagerID == nil {
		ec.Add(fmt.Errorf("ManagerID is required"))
	} else {
		dst.ManagerID = src.ManagerID // Cannot convert pointer types, element type is nil
	}
	ec.Leave()
	if ec.MaxErrorsReached() {
		return dst
	}
	ec.Enter("SpouseID")
	if src.SpouseID == nil {
		ec.Add(fmt.Errorf("SpouseID is required"))
	} else {
		dst.SpouseID = src.SpouseID // Cannot convert pointer types, element type is nil
	}
	ec.Leave()
	return dst
}

// ConvertSrcToDst converts Src to Dst.
func ConvertSrcToDst(ctx context.Context, src *m.Src) (*m.Dst, error) {
	if src == nil {
		return nil, nil
	}
	ec := model.NewErrorCollector(0)
	dst := convertSrcToDst(ctx, ec, src)
	if ec.HasErrors() {
		return dst, errors.Join(ec.Errors()...)
	}
	return dst, nil
}
