// Code generated by convert. DO NOT EDIT.
package main

import (
	"context"
	"errors"

	"github.com/podhmo/go-scan/examples/convert/model"
)

func convertSrcToDst(ctx context.Context, ec *model.ErrorCollector, src *Src) *Dst {
	if src == nil {
		return nil
	}
	dst := &Dst{}
	if ec.MaxErrorsReached() {
		return dst
	}
	ec.Enter("Timestamp")
	dst.Timestamp = src.Timestampext.ValidateString(ec, dst.Timestamp)
	ec.Leave()
	if ec.MaxErrorsReached() {
		return dst
	}
	ec.Enter("Comment")
	dst.Comment = src.Commentext.ValidateString(ec, dst.Comment)
	ec.Leave()
	return dst
}

// ConvertSrcToDst converts Src to Dst.
func ConvertSrcToDst(ctx context.Context, src *Src) (*Dst, error) {
	if src == nil {
		return nil, nil
	}
	ec := model.NewErrorCollector(0)
	dst := convertSrcToDst(ctx, ec, src)
	if ec.HasErrors() {
		return dst, errors.Join(ec.Errors()...)
	}
	return dst, nil
}
