// Code generated by convert. DO NOT EDIT.
package pointerrules

import (
	"context"
	"errors"

	"github.com/podhmo/go-scan/examples/convert/model"
)

func convertSrcToDst(ctx context.Context, ec *model.ErrorCollector, src *Src) *Dst {
	if src == nil {
		return nil
	}
	dst := &Dst{}
	if ec.MaxErrorsReached() {
		return dst
	}
	ec.Enter("CreatedAt")
	if src.CreatedAt != nil {
		tmp := convertTimeToString(ctx, ec, (*src.CreatedAt))
		dst.CreatedAt = &tmp
	} else {
		dst.CreatedAt = nil
	}

	ec.Leave()
	return dst
}

// ConvertSrcToDst converts Src to Dst.
//
// Fields that are not populated by this converter:
//
//	(all fields are populated)
func ConvertSrcToDst(ctx context.Context, src *Src) (*Dst, error) {
	if src == nil {
		return nil, nil
	}
	ec := model.NewErrorCollector(0)
	dst := convertSrcToDst(ctx, ec, src)
	if ec.HasErrors() {
		return dst, errors.Join(ec.Errors()...)
	}
	return dst, nil
}
