// Code generated by convert. DO NOT EDIT.
package testdata

import (
	"context"
	"errors"
	"fmt"
	"github.com/podhmo/go-scan/examples/convert/model"
)

// The following fields are not filled by this conversion: Extra, Another
func convertUnmappedSrcToUnmappedDst(ctx context.Context, ec *model.ErrorCollector, src *UnmappedSrc) *UnmappedDst {
	if src == nil {
		return nil
	}
	dst := &UnmappedDst{}
	if ec.MaxErrorsReached() {
		return dst
	}
	ec.Enter("ID")
	dst.ID = src.ID
	ec.Leave()
	if ec.MaxErrorsReached() {
		return dst
	}
	ec.Enter("Name")
	dst.Name = src.Name
	ec.Leave()
	return dst
}

// ConvertUnmappedSrcToUnmappedDst converts UnmappedSrc to UnmappedDst.
func ConvertUnmappedSrcToUnmappedDst(ctx context.Context, src *UnmappedSrc) (*UnmappedDst, error) {
	if src == nil {
		return nil, nil
	}
	ec := model.NewErrorCollector(0)
	dst := convertUnmappedSrcToUnmappedDst(ctx, ec, src)
	if ec.HasErrors() {
		return dst, errors.Join(ec.Errors()...)
	}
	return dst, nil
}
