// Code generated by convert. DO NOT EDIT.
package validator

import (
	"context"
	"errors"
	"fmt"
	"github.com/podhmo/go-scan/examples/convert/model"
)

func convertSrcToDst(ctx context.Context, ec *model.ErrorCollector, src *Src) *Dst {
	if src == nil {
		return nil
	}
	dst := &Dst{}
	if ec.MaxErrorsReached() {
		return dst
	}
	ec.Enter("Name")
	dst.Name = src.Name
	validateString(ec, dst.Name)
	ec.Leave()
	if ec.MaxErrorsReached() {
		return dst
	}
	ec.Enter("Age")
	dst.Age = src.Age
	validateInt(ec, dst.Age)
	ec.Leave()
	return dst
}

// ConvertSrcToDst converts Src to Dst.
func ConvertSrcToDst(ctx context.Context, src *Src) (*Dst, error) {
	if src == nil {
		return nil, nil
	}
	ec := model.NewErrorCollector(0)
	dst := convertSrcToDst(ctx, ec, src)
	if ec.HasErrors() {
		return dst, errors.Join(ec.Errors()...)
	}
	return dst, nil
}
