// Code generated by convert. DO NOT EDIT.
package testdata

import (
	"context"
	"errors"
	"strings"

	"github.com/podhmo/go-scan/examples/convert/model"
)

func convertSrcVariableToDstVariable(ctx context.Context, ec *model.ErrorCollector, src *SrcVariable) *DstVariable {
	if src == nil {
		return nil
	}
	var builder strings.Builder
	dst := &DstVariable{}
	return dst
}

// ConvertSrcVariableToDstVariable converts SrcVariable to DstVariable.
//
// Fields that are not populated by this converter:
//   - FullName
func ConvertSrcVariableToDstVariable(ctx context.Context, src *SrcVariable) (*DstVariable, error) {
	if src == nil {
		return nil, nil
	}
	ec := model.NewErrorCollector(0)
	dst := convertSrcVariableToDstVariable(ctx, ec, src)
	if ec.HasErrors() {
		return dst, errors.Join(ec.Errors()...)
	}
	return dst, nil
}
