// Code generated by minigo-gen-bindings. DO NOT EDIT.

package generics

import (
	"github.com/podhmo/go-scan/examples/minigo-gen-bindings/testdata/generics"
	"github.com/podhmo/go-scan/minigo"
)

// Install binds all exported symbols from the "github.com/podhmo/go-scan/examples/minigo-gen-bindings/testdata/generics" package to the interpreter.
func Install(interp *minigo.Interpreter) {
	interp.Register("github.com/podhmo/go-scan/examples/minigo-gen-bindings/testdata/generics", map[string]any{
		"ExportedConstant": generics.ExportedConstant,
		"ExportedFunction": generics.ExportedFunction,
	})
}
