// Code generated by minigo gen-bindings. DO NOT EDIT.

package generics

import (
	"github.com/podhmo/go-scan/examples/minigo/testdata/bindings/generics"
	"github.com/podhmo/go-scan/minigo"
)

// Install binds all exported symbols from the "github.com/podhmo/go-scan/examples/minigo/testdata/bindings/generics" package to the interpreter.
func Install(interp *minigo.Interpreter) {
	interp.Register("github.com/podhmo/go-scan/examples/minigo/testdata/bindings/generics", map[string]any{
		"ExportedConstant": generics.ExportedConstant,
	})
}
