// Code generated by minigo gen-bindings. DO NOT EDIT.

package varsandtypes

import (
	"reflect"
	"github.com/podhmo/go-scan/examples/minigo/testdata/bindings/varsandtypes"
	"github.com/podhmo/go-scan/minigo"
)

// Install binds all exported symbols from the "github.com/podhmo/go-scan/examples/minigo/testdata/bindings/varsandtypes" package to the interpreter.
func Install(interp *minigo.Interpreter) {
	interp.Register("github.com/podhmo/go-scan/examples/minigo/testdata/bindings/varsandtypes", map[string]any{
		"ExportedConstant": varsandtypes.ExportedConstant,
		"ExportedFunction": varsandtypes.ExportedFunction,
		"ExportedVar": varsandtypes.ExportedVar,
		"ExportedType": reflect.TypeOf((*varsandtypes.ExportedType)(nil)).Elem(),
	})
}
